====== Heading 1a ======

====== Heading 1b ======

===== Heading 2a =====

===== Heading 2b =====

==== Heading 3a ====

==== Heading 3b ====

=== Heading 4a ===

=== Heading 4b ===

== Heading 5a ==

== Heading 5b ==

Bigger and **bolder** and //italic//

This has ''code'' inline.

----

This is a [[http://www.google.co.uk/|hyperlink]]. So is http://www.google.co.uk/


  * Candy
    * Fizzbombs
    * Salt & Vinegar Crisps
      * Level 3
      * More Level 3
  * Gum
  * Booze


  * Gobstoppers
  * Swizzlesticks



  - Numbered list - a
  - Numbered list - b
    - Numbered list - b1
    - Numbered list - b2
  - Numbered list - c

This is a block quote.



====== Heading in a block quote ======



